Component: ARM Compiler 5.06 update 6 (build 750) Tool: armlink [4d35ed]

==============================================================================

Section Cross References

    exercise06.o(MyCode) refers (Special) to exercise06_lib.o(Exercise06_Lib) for LengthStringSB
    exercise06.o(MyCode) refers to start.o(Start) for Startup
    exercise06.o(MyCode) refers to exercise06.o(MyData) for lenOpStr
    exercise06.o(MyCode) refers to exercise06.o(MyConst) for PROMPT_STRING
    exercise06.o(RESET) refers (Special) to exercise06_lib.o(Exercise06_Lib) for LengthStringSB
    exercise06.o(RESET) refers to start.o(.ARM.__at_0x1FFFFC00) for __initial_sp
    exercise06.o(RESET) refers to exercise06.o(MyCode) for Reset_Handler
    exercise06.o(RESET) refers to start.o(Start) for Dummy_Handler
    exercise06.o(MyConst) refers (Special) to exercise06_lib.o(Exercise06_Lib) for LengthStringSB
    exercise06.o(MyData) refers (Special) to exercise06_lib.o(Exercise06_Lib) for LengthStringSB


==============================================================================

Image Symbol Table

    Local Symbols

    Symbol Name                              Value     Ov Type        Size  Object(Section)

    RESET                                    0x00000000   Section      192  exercise06.o(RESET)
    Exercise06.s                             0x00000000   Number         0  exercise06.o ABSOLUTE
    Exercise06_Lib.s                         0x00000000   Number         0  exercise06_lib.o ABSOLUTE
    Start.s                                  0x00000000   Number         0  start.o ABSOLUTE
    dc.s                                     0x00000000   Number         0  dc.o ABSOLUTE
    .ARM.__at_0xC0                           0x000000c0   Section       64  start.o(.ARM.__at_0xC0)
    Exercise06_Lib                           0x00000100   Section       26  exercise06_lib.o(Exercise06_Lib)
    MyCode                                   0x0000011c   Section      600  exercise06.o(MyCode)
    Init_UART0_Polling                       0x000001d1   Thumb Code   108  exercise06.o(MyCode)
    GetChar                                  0x0000024f   Thumb Code    18  exercise06.o(MyCode)
    GetStringSB                              0x00000261   Thumb Code    50  exercise06.o(MyCode)
    PutStringSB                              0x00000293   Thumb Code    26  exercise06.o(MyCode)
    PutNumU                                  0x000002ad   Thumb Code    46  exercise06.o(MyCode)
    DIVU                                     0x000002db   Thumb Code    68  exercise06.o(MyCode)
    MyConst                                  0x00000374   Section       40  exercise06.o(MyConst)
    PROMPT_STRING                            0x00000374   Data          32  exercise06.o(MyConst)
    LEN_STR                                  0x00000394   Data           7  exercise06.o(MyConst)
    .ARM.__at_0x400                          0x00000400   Section       16  start.o(.ARM.__at_0x400)
    Start                                    0x00000410   Section      196  start.o(Start)
    SystemInit                               0x0000041f   Thumb Code    54  start.o(Start)
    SetClock48MHz                            0x00000455   Thumb Code    82  start.o(Start)
    .ARM.__at_0x1FFFFC00                     0x1ffffc00   Section      256  start.o(.ARM.__at_0x1FFFFC00)
    MyData                                   0x1ffffd00   Section       84  exercise06.o(MyData)
    String                                   0x1ffffd00   Data          79  exercise06.o(MyData)
    lenOpStr                                 0x1ffffd4f   Data           2  exercise06.o(MyData)

    Global Symbols

    Symbol Name                              Value     Ov Type        Size  Object(Section)

    BuildAttributes$$THM_ISAv3M$S$PE$A:L22$X:L11$S22$IEEE1$IW$USESV6$~STKCKD$USESV7$~SHL$OSPACE$ROPI$EBA8$STANDARDLIB$EABIv2 0x00000000   Number         0  anon$$obj.o ABSOLUTE
    __Vectors                                0x00000000   Data           0  exercise06.o(RESET)
    __Vectors_End                            0x000000c0   Data           0  exercise06.o(RESET)
    __Vectors_Size                           0x000000c0   Number         0  exercise06.o ABSOLUTE
    LengthStringSB                           0x00000101   Thumb Code    26  exercise06_lib.o(Exercise06_Lib)
    Reset_Handler                            0x0000011d   Thumb Code   180  exercise06.o(MyCode)
    PutChar                                  0x0000023d   Thumb Code    18  exercise06.o(MyCode)
    Startup                                  0x00000411   Thumb Code    14  start.o(Start)
    Dummy_Handler                            0x000004a9   Thumb Code     2  start.o(Start)
    HardFault_Handler                        0x000004a9   Thumb Code     0  start.o(Start)
    __initial_sp                             0x1ffffd00   Data           0  start.o(.ARM.__at_0x1FFFFC00)



==============================================================================

Memory Map of the image

  Image Entry point : 0x0000011d

  Load Region LR_1 (Base: 0x00000000, Size: 0x00000628, Max: 0xffffffff, ABSOLUTE)

    Execution Region ER_RO (Exec base: 0x00000000, Load base: 0x00000000, Size: 0x000004d4, Max: 0xffffffff, ABSOLUTE)

    Exec Addr    Load Addr    Size         Type   Attr      Idx    E Section Name        Object

    0x00000000   0x00000000   0x000000c0   Data   RO            2    RESET               exercise06.o
    0x000000c0   0x000000c0   0x00000040   Data   RO           11    .ARM.__at_0xC0      start.o
    0x00000100   0x00000100   0x0000001a   Code   RO           19    Exercise06_Lib      Exercise06_Lib.lib(exercise06_lib.o)
    0x0000011a   0x0000011a   0x00000002   PAD
    0x0000011c   0x0000011c   0x00000258   Code   RO            1  * MyCode              exercise06.o
    0x00000374   0x00000374   0x00000028   Data   RO            3    MyConst             exercise06.o
    0x0000039c   0x0000039c   0x00000064   PAD
    0x00000400   0x00000400   0x00000010   Code   RO           12    .ARM.__at_0x400     start.o
    0x00000410   0x00000410   0x000000c4   Code   RO           10    Start               start.o


    Execution Region ER_RW (Exec base: 0x1ffffc00, Load base: 0x000004d4, Size: 0x00000154, Max: 0xffffffff, ABSOLUTE)

    Exec Addr    Load Addr    Size         Type   Attr      Idx    E Section Name        Object

    0x1ffffc00   0x000004d4   0x00000100   Data   RW           13    .ARM.__at_0x1FFFFC00  start.o
    0x1ffffd00   0x000005d4   0x00000054   Data   RW            4    MyData              exercise06.o


    Execution Region ER_ZI (Exec base: 0x1ffffd54, Load base: 0x00000628, Size: 0x00000000, Max: 0xffffffff, ABSOLUTE)

    **** No section assigned to this execution region ****


==============================================================================

Image component sizes


      Code (inc. data)   RO Data    RW Data    ZI Data      Debug   Object Name

       600         86        232         84          0       1036   exercise06.o
       212         60         64        256          0        840   start.o

    ----------------------------------------------------------------------
       812        146        396        340          0       1876   Object Totals
         0          0          0          0          0          0   (incl. Generated)
         0          0        100          0          0          0   (incl. Padding)

    ----------------------------------------------------------------------

      Code (inc. data)   RO Data    RW Data    ZI Data      Debug   Library Member Name

        26          0          0          0          0         68   exercise06_lib.o

    ----------------------------------------------------------------------
        28          0          0          0          0         68   Library Totals
         2          0          0          0          0          0   (incl. Padding)

    ----------------------------------------------------------------------

      Code (inc. data)   RO Data    RW Data    ZI Data      Debug   Library Name

        26          0          0          0          0         68   Exercise06_Lib.lib

    ----------------------------------------------------------------------
        28          0          0          0          0         68   Library Totals

    ----------------------------------------------------------------------

==============================================================================


      Code (inc. data)   RO Data    RW Data    ZI Data      Debug   

       840        146        396        340          0       1788   Grand Totals
       840        146        396        340          0       1788   ELF Image Totals
       840        146        396        340          0          0   ROM Totals

==============================================================================

    Total RO  Size (Code + RO Data)                 1236 (   1.21kB)
    Total RW  Size (RW Data + ZI Data)               340 (   0.33kB)
    Total ROM Size (Code + RO Data + RW Data)       1576 (   1.54kB)

==============================================================================

