Component: ARM Compiler 5.06 update 6 (build 750) Tool: armlink [4d35ed]

==============================================================================

Section Cross References

    exercise01.o(MyCode) refers to exercise01.o(MyConst) for ConstData
    exercise01.o(MyCode) refers to exercise01.o(MyData) for VarData
    exercise01.o(RESET) refers to exercise01.o(.ARM.__at_0x1FFFE000) for __initial_sp
    exercise01.o(RESET) refers to exercise01.o(MyCode) for Reset_Handler


==============================================================================

Image Symbol Table

    Local Symbols

    Symbol Name                              Value     Ov Type        Size  Object(Section)

    RESET                                    0x00000000   Section      192  exercise01.o(RESET)
    Exercise01.s                             0x00000000   Number         0  exercise01.o ABSOLUTE
    MyCode                                   0x000000c0   Section       92  exercise01.o(MyCode)
    RegInit                                  0x000000e3   Thumb Code    46  exercise01.o(MyCode)
    MyConst                                  0x0000011c   Section       16  exercise01.o(MyConst)
    ConstData                                0x0000011c   Data          16  exercise01.o(MyConst)
    .ARM.__at_0x1FFFE000                     0x1fffe000   Section      256  exercise01.o(.ARM.__at_0x1FFFE000)
    MyData                                   0x1ffffc00   Section        8  exercise01.o(MyData)
    VarData                                  0x1ffffc00   Data           8  exercise01.o(MyData)

    Global Symbols

    Symbol Name                              Value     Ov Type        Size  Object(Section)

    BuildAttributes$$THM_ISAv3M$S$PE$A:L22$X:L11$S22$IEEE1$IW$USESV6$~STKCKD$USESV7$~SHL$OSPACE$EBA8$STANDARDLIB$EABIv2 0x00000000   Number         0  anon$$obj.o ABSOLUTE
    __Vectors                                0x00000000   Data           0  exercise01.o(RESET)
    Reset_Handler                            0x000000c1   Thumb Code    34  exercise01.o(MyCode)
    __Vectors_End                            0x000000c0   Data           0  exercise01.o(RESET)
    __Vectors_Size                           0x000000c0   Number         0  exercise01.o ABSOLUTE
    __initial_sp                             0x1fffe100   Data           0  exercise01.o(.ARM.__at_0x1FFFE000)



==============================================================================

Memory Map of the image

  Image Entry point : 0x000000c1

  Load Region LR_IROM1 (Base: 0x00000000, Size: 0x00000134, Max: 0x00008000, ABSOLUTE)

    Execution Region ER_IROM1 (Exec base: 0x00000000, Load base: 0x00000000, Size: 0x0000012c, Max: 0x00008000, ABSOLUTE)

    Exec Addr    Load Addr    Size         Type   Attr      Idx    E Section Name        Object

    0x00000000   0x00000000   0x000000c0   Data   RO            2    RESET               exercise01.o
    0x000000c0   0x000000c0   0x0000005c   Code   RO            1  * MyCode              exercise01.o
    0x0000011c   0x0000011c   0x00000010   Data   RO            3    MyConst             exercise01.o


    Execution Region RW_IRAM1 (Exec base: 0x1ffffc00, Load base: 0x0000012c, Size: 0x00000008, Max: 0x00001000, ABSOLUTE)

    Exec Addr    Load Addr    Size         Type   Attr      Idx    E Section Name        Object

    0x1ffffc00   0x0000012c   0x00000008   Data   RW            5    MyData              exercise01.o



  Load Region LR$$.ARM.__at_0x1FFFE000 (Base: 0x1fffe000, Size: 0x00000100, Max: 0x00000100, ABSOLUTE)

    Execution Region ER$$.ARM.__at_0x1FFFE000 (Exec base: 0x1fffe000, Load base: 0x1fffe000, Size: 0x00000100, Max: 0x00000100, ABSOLUTE, UNINIT)

    Exec Addr    Load Addr    Size         Type   Attr      Idx    E Section Name        Object

    0x1fffe000   0x1fffe000   0x00000100   Data   RW            4    .ARM.__at_0x1FFFE000  exercise01.o


==============================================================================

Image component sizes


      Code (inc. data)   RO Data    RW Data    ZI Data      Debug   Object Name

        92         12        208        264          0        464   exercise01.o

    ----------------------------------------------------------------------
        92         12        208        264          0        464   Object Totals
         0          0          0          0          0          0   (incl. Generated)
         0          0          0          0          0          0   (incl. Padding)

    ----------------------------------------------------------------------
         0          0          0          0          0          0   Library Totals
         0          0          0          0          0          0   (incl. Padding)

    ----------------------------------------------------------------------

==============================================================================


      Code (inc. data)   RO Data    RW Data    ZI Data      Debug   

        92         12        208        264          0        464   Grand Totals
        92         12        208        264          0        464   ELF Image Totals
        92         12        208        264          0          0   ROM Totals

==============================================================================

    Total RO  Size (Code + RO Data)                  300 (   0.29kB)
    Total RW  Size (RW Data + ZI Data)               264 (   0.26kB)
    Total ROM Size (Code + RO Data + RW Data)        564 (   0.55kB)

==============================================================================

