Component: ARM Compiler 5.06 update 6 (build 750) Tool: armlink [4d35ed]

==============================================================================

Section Cross References

    exercise08.o(MyCode) refers to start.o(Start) for Startup
    exercise08.o(MyCode) refers to exercise08.o(MyData) for lenOpStr
    exercise08.o(MyCode) refers to exercise08.o(MyConst) for FIRST_PROMPT
    exercise08.o(RESET) refers to start.o(.ARM.__at_0x1FFFFC00) for __initial_sp
    exercise08.o(RESET) refers to exercise08.o(MyCode) for Reset_Handler
    exercise08.o(RESET) refers to start.o(Start) for Dummy_Handler


==============================================================================

Image Symbol Table

    Local Symbols

    Symbol Name                              Value     Ov Type        Size  Object(Section)

    RESET                                    0x00000000   Section      192  exercise08.o(RESET)
    Exercise08.s                             0x00000000   Number         0  exercise08.o ABSOLUTE
    Start.s                                  0x00000000   Number         0  start.o ABSOLUTE
    .ARM.__at_0xC0                           0x000000c0   Section       64  start.o(.ARM.__at_0xC0)
    Start                                    0x00000100   Section      196  start.o(Start)
    SystemInit                               0x0000010f   Thumb Code    54  start.o(Start)
    SetClock48MHz                            0x00000145   Thumb Code    82  start.o(Start)
    MyConst                                  0x000001c4   Section      144  exercise08.o(MyConst)
    FIRST_PROMPT                             0x000001c4   Data          34  exercise08.o(MyConst)
    SECOND_PROMPT                            0x000001e6   Data          34  exercise08.o(MyConst)
    INVALID_MESSAGE                          0x00000208   Data          34  exercise08.o(MyConst)
    SUM_MESSAGE                              0x0000022a   Data          34  exercise08.o(MyConst)
    OVERFLOW_MESSAGE                         0x0000024c   Data           8  exercise08.o(MyConst)
    .ARM.__at_0x400                          0x00000400   Section       16  start.o(.ARM.__at_0x400)
    MyCode                                   0x00000410   Section      916  exercise08.o(MyCode)
    CRLF                                     0x00000485   Thumb Code    18  exercise08.o(MyCode)
    JustClearC                               0x00000497   Thumb Code    20  exercise08.o(MyCode)
    JustSetC                                 0x000004ab   Thumb Code    20  exercise08.o(MyCode)
    AddIntMultiU                             0x000004bf   Thumb Code    72  exercise08.o(MyCode)
    GetHexIntMulti                           0x00000507   Thumb Code   146  exercise08.o(MyCode)
    PutHexIntMulti                           0x00000599   Thumb Code    28  exercise08.o(MyCode)
    PutChar                                  0x000005f5   Thumb Code    18  exercise08.o(MyCode)
    GetChar                                  0x00000607   Thumb Code    18  exercise08.o(MyCode)
    PutStringSB                              0x0000064b   Thumb Code    26  exercise08.o(MyCode)
    DIVU                                     0x00000693   Thumb Code    54  exercise08.o(MyCode)
    Init_UART0_Polling                       0x000006c9   Thumb Code   108  exercise08.o(MyCode)
    .ARM.__at_0x1FFFFC00                     0x1ffffc00   Section      256  start.o(.ARM.__at_0x1FFFFC00)
    MyData                                   0x1ffffd00   Section       68  exercise08.o(MyData)
    convertMem                               0x1ffffd00   Data          28  exercise08.o(MyData)
    firstNum                                 0x1ffffd1c   Data          12  exercise08.o(MyData)
    secondNum                                0x1ffffd28   Data          12  exercise08.o(MyData)
    sumMem                                   0x1ffffd34   Data          12  exercise08.o(MyData)
    lenOpStr                                 0x1ffffd40   Data           2  exercise08.o(MyData)

    Global Symbols

    Symbol Name                              Value     Ov Type        Size  Object(Section)

    BuildAttributes$$THM_ISAv3M$S$PE$A:L22$X:L11$S22$IEEE1$IW$USESV6$~STKCKD$USESV7$~SHL$OSPACE$EBA8$STANDARDLIB$EABIv2 0x00000000   Number         0  anon$$obj.o ABSOLUTE
    __Vectors                                0x00000000   Data           0  exercise08.o(RESET)
    __Vectors_End                            0x000000c0   Data           0  exercise08.o(RESET)
    __Vectors_Size                           0x000000c0   Number         0  exercise08.o ABSOLUTE
    Startup                                  0x00000101   Thumb Code    14  start.o(Start)
    Dummy_Handler                            0x00000199   Thumb Code     2  start.o(Start)
    HardFault_Handler                        0x00000199   Thumb Code     0  start.o(Start)
    Reset_Handler                            0x00000411   Thumb Code   116  exercise08.o(MyCode)
    PutNumHex                                0x000005b5   Thumb Code    64  exercise08.o(MyCode)
    GetStringSB                              0x00000619   Thumb Code    50  exercise08.o(MyCode)
    __initial_sp                             0x1ffffd00   Data           0  start.o(.ARM.__at_0x1FFFFC00)



==============================================================================

Memory Map of the image

  Image Entry point : 0x00000411

  Load Region LR_1 (Base: 0x00000000, Size: 0x000008e8, Max: 0xffffffff, ABSOLUTE)

    Execution Region ER_RO (Exec base: 0x00000000, Load base: 0x00000000, Size: 0x000007a4, Max: 0xffffffff, ABSOLUTE)

    Exec Addr    Load Addr    Size         Type   Attr      Idx    E Section Name        Object

    0x00000000   0x00000000   0x000000c0   Data   RO            2    RESET               exercise08.o
    0x000000c0   0x000000c0   0x00000040   Data   RO           11    .ARM.__at_0xC0      start.o
    0x00000100   0x00000100   0x000000c4   Code   RO           10    Start               start.o
    0x000001c4   0x000001c4   0x00000090   Data   RO            3    MyConst             exercise08.o
    0x00000254   0x00000254   0x000001ac   PAD
    0x00000400   0x00000400   0x00000010   Code   RO           12    .ARM.__at_0x400     start.o
    0x00000410   0x00000410   0x00000394   Code   RO            1  * MyCode              exercise08.o


    Execution Region ER_RW (Exec base: 0x1ffffc00, Load base: 0x000007a4, Size: 0x00000144, Max: 0xffffffff, ABSOLUTE)

    Exec Addr    Load Addr    Size         Type   Attr      Idx    E Section Name        Object

    0x1ffffc00   0x000007a4   0x00000100   Data   RW           13    .ARM.__at_0x1FFFFC00  start.o
    0x1ffffd00   0x000008a4   0x00000044   Data   RW            4    MyData              exercise08.o


    Execution Region ER_ZI (Exec base: 0x1ffffd44, Load base: 0x000008e8, Size: 0x00000000, Max: 0xffffffff, ABSOLUTE)

    **** No section assigned to this execution region ****


==============================================================================

Image component sizes


      Code (inc. data)   RO Data    RW Data    ZI Data      Debug   Object Name

       916        112        336         68          0       1444   exercise08.o
       212         60         64        256          0        840   start.o

    ----------------------------------------------------------------------
      1128        172        828        324          0       2284   Object Totals
         0          0          0          0          0          0   (incl. Generated)
         0          0        428          0          0          0   (incl. Padding)

    ----------------------------------------------------------------------
         0          0          0          0          0          0   Library Totals
         0          0          0          0          0          0   (incl. Padding)

    ----------------------------------------------------------------------

==============================================================================


      Code (inc. data)   RO Data    RW Data    ZI Data      Debug   

      1128        172        828        324          0       2180   Grand Totals
      1128        172        828        324          0       2180   ELF Image Totals
      1128        172        828        324          0          0   ROM Totals

==============================================================================

    Total RO  Size (Code + RO Data)                 1956 (   1.91kB)
    Total RW  Size (RW Data + ZI Data)               324 (   0.32kB)
    Total ROM Size (Code + RO Data + RW Data)       2280 (   2.23kB)

==============================================================================

