Component: ARM Compiler 5.06 update 6 (build 750) Tool: armlink [4d35ed]

==============================================================================

Section Cross References

    exercise09.o(MyCode) refers to start.o(Start) for Startup
    exercise09.o(MyCode) refers to exercise09.o(MyData) for QBuffer
    exercise09.o(MyCode) refers to exercise09.o(MyConst) for PROMPT_QUEUE
    exercise09.o(RESET) refers to start.o(.ARM.__at_0x1FFFFC00) for __initial_sp
    exercise09.o(RESET) refers to exercise09.o(MyCode) for Reset_Handler
    exercise09.o(RESET) refers to start.o(Start) for Dummy_Handler


==============================================================================

Image Symbol Table

    Local Symbols

    Symbol Name                              Value     Ov Type        Size  Object(Section)

    RESET                                    0x00000000   Section      192  exercise09.o(RESET)
    Exercise09.s                             0x00000000   Number         0  exercise09.o ABSOLUTE
    Start.s                                  0x00000000   Number         0  start.o ABSOLUTE
    .ARM.__at_0xC0                           0x000000c0   Section       64  start.o(.ARM.__at_0xC0)
    Start                                    0x00000100   Section      196  start.o(Start)
    SystemInit                               0x0000010f   Thumb Code    54  start.o(Start)
    SetClock48MHz                            0x00000145   Thumb Code    82  start.o(Start)
    MyConst                                  0x000001c4   Section      164  exercise09.o(MyConst)
    PROMPT_QUEUE                             0x000001c4   Data          33  exercise09.o(MyConst)
    FAILURE_STR                              0x000001e5   Data           8  exercise09.o(MyConst)
    ENQUEUE_STR                              0x000001ed   Data          21  exercise09.o(MyConst)
    SUCCESS_STR                              0x00000202   Data           8  exercise09.o(MyConst)
    STATUS_STR                               0x0000020a   Data           7  exercise09.o(MyConst)
    IN_STR                                   0x00000211   Data           5  exercise09.o(MyConst)
    OUT_STR                                  0x00000216   Data           9  exercise09.o(MyConst)
    NUM_STR                                  0x0000021f   Data           4  exercise09.o(MyConst)
    HELP_STR                                 0x00000223   Data          57  exercise09.o(MyConst)
    SPACES2                                  0x0000025c   Data           2  exercise09.o(MyConst)
    SPACES8                                  0x0000025e   Data           8  exercise09.o(MyConst)
    .ARM.__at_0x400                          0x00000400   Section       16  start.o(.ARM.__at_0x400)
    MyCode                                   0x00000410   Section     1224  exercise09.o(MyCode)
    UART0_ISR                                0x00000597   Thumb Code    64  exercise09.o(MyCode)
    Init_UART0_IRQ                           0x000005d7   Thumb Code   148  exercise09.o(MyCode)
    PutChar                                  0x0000066b   Thumb Code    22  exercise09.o(MyCode)
    GetChar                                  0x00000681   Thumb Code    16  exercise09.o(MyCode)
    CRLF                                     0x00000691   Thumb Code    18  exercise09.o(MyCode)
    JustClearC                               0x000006a3   Thumb Code    20  exercise09.o(MyCode)
    JustSetC                                 0x000006b7   Thumb Code    20  exercise09.o(MyCode)
    Dequeue                                  0x000006cb   Thumb Code    50  exercise09.o(MyCode)
    Enqueue                                  0x000006fd   Thumb Code    54  exercise09.o(MyCode)
    InitQueue                                0x00000733   Thumb Code    22  exercise09.o(MyCode)
    PutNumHex                                0x00000749   Thumb Code    64  exercise09.o(MyCode)
    PutNumUB                                 0x00000789   Thumb Code    16  exercise09.o(MyCode)
    PutNumU                                  0x00000799   Thumb Code    46  exercise09.o(MyCode)
    DIVU                                     0x000007c7   Thumb Code    54  exercise09.o(MyCode)
    PutStringSB                              0x000007fd   Thumb Code    26  exercise09.o(MyCode)
    .ARM.__at_0x1FFFFC00                     0x1ffffc00   Section      256  start.o(.ARM.__at_0x1FFFFC00)
    MyData                                   0x1ffffd00   Section      224  exercise09.o(MyData)
    TxQRecord                                0x1ffffd00   Data          18  exercise09.o(MyData)
    TxQBuffer                                0x1ffffd12   Data          80  exercise09.o(MyData)
    RxQRecord                                0x1ffffd64   Data          18  exercise09.o(MyData)
    RxQBuffer                                0x1ffffd76   Data          80  exercise09.o(MyData)
    QRecord                                  0x1ffffdc8   Data          18  exercise09.o(MyData)
    QBuffer                                  0x1ffffdda   Data           4  exercise09.o(MyData)

    Global Symbols

    Symbol Name                              Value     Ov Type        Size  Object(Section)

    BuildAttributes$$THM_ISAv3M$S$PE$A:L22$X:L11$S22$IEEE1$IW$USESV6$~STKCKD$USESV7$~SHL$OSPACE$EBA8$STANDARDLIB$EABIv2 0x00000000   Number         0  anon$$obj.o ABSOLUTE
    __Vectors                                0x00000000   Data           0  exercise09.o(RESET)
    __Vectors_End                            0x000000c0   Data           0  exercise09.o(RESET)
    __Vectors_Size                           0x000000c0   Number         0  exercise09.o ABSOLUTE
    Startup                                  0x00000101   Thumb Code    14  start.o(Start)
    Dummy_Handler                            0x00000199   Thumb Code     2  start.o(Start)
    HardFault_Handler                        0x00000199   Thumb Code     0  start.o(Start)
    Reset_Handler                            0x00000411   Thumb Code   390  exercise09.o(MyCode)
    __initial_sp                             0x1ffffd00   Data           0  start.o(.ARM.__at_0x1FFFFC00)



==============================================================================

Memory Map of the image

  Image Entry point : 0x00000411

  Load Region LR_1 (Base: 0x00000000, Size: 0x00000ab8, Max: 0xffffffff, ABSOLUTE)

    Execution Region ER_RO (Exec base: 0x00000000, Load base: 0x00000000, Size: 0x000008d8, Max: 0xffffffff, ABSOLUTE)

    Exec Addr    Load Addr    Size         Type   Attr      Idx    E Section Name        Object

    0x00000000   0x00000000   0x000000c0   Data   RO           13    RESET               exercise09.o
    0x000000c0   0x000000c0   0x00000040   Data   RO            2    .ARM.__at_0xC0      start.o
    0x00000100   0x00000100   0x000000c4   Code   RO            1    Start               start.o
    0x000001c4   0x000001c4   0x000000a4   Data   RO           14    MyConst             exercise09.o
    0x00000268   0x00000268   0x00000198   PAD
    0x00000400   0x00000400   0x00000010   Code   RO            3    .ARM.__at_0x400     start.o
    0x00000410   0x00000410   0x000004c8   Code   RO           12  * MyCode              exercise09.o


    Execution Region ER_RW (Exec base: 0x1ffffc00, Load base: 0x000008d8, Size: 0x000001e0, Max: 0xffffffff, ABSOLUTE)

    Exec Addr    Load Addr    Size         Type   Attr      Idx    E Section Name        Object

    0x1ffffc00   0x000008d8   0x00000100   Data   RW            4    .ARM.__at_0x1FFFFC00  start.o
    0x1ffffd00   0x000009d8   0x000000e0   Data   RW           15    MyData              exercise09.o


    Execution Region ER_ZI (Exec base: 0x1ffffde0, Load base: 0x00000ab8, Size: 0x00000000, Max: 0xffffffff, ABSOLUTE)

    **** No section assigned to this execution region ****


==============================================================================

Image component sizes


      Code (inc. data)   RO Data    RW Data    ZI Data      Debug   Object Name

      1224        194        356        224          0       1500   exercise09.o
       212         60         64        256          0        872   start.o

    ----------------------------------------------------------------------
      1436        254        828        480          0       2372   Object Totals
         0          0          0          0          0          0   (incl. Generated)
         0          0        408          0          0          0   (incl. Padding)

    ----------------------------------------------------------------------
         0          0          0          0          0          0   Library Totals
         0          0          0          0          0          0   (incl. Padding)

    ----------------------------------------------------------------------

==============================================================================


      Code (inc. data)   RO Data    RW Data    ZI Data      Debug   

      1436        254        828        480          0       2268   Grand Totals
      1436        254        828        480          0       2268   ELF Image Totals
      1436        254        828        480          0          0   ROM Totals

==============================================================================

    Total RO  Size (Code + RO Data)                 2264 (   2.21kB)
    Total RW  Size (RW Data + ZI Data)               480 (   0.47kB)
    Total ROM Size (Code + RO Data + RW Data)       2744 (   2.68kB)

==============================================================================

