Component: ARM Compiler 5.06 update 6 (build 750) Tool: armlink [4d35ed]

==============================================================================

Section Cross References

    exercise07.o(MyCode) refers to start.o(Start) for Startup
    exercise07.o(MyCode) refers to exercise07.o(MyData) for QBuffer
    exercise07.o(MyCode) refers to exercise07.o(MyConst) for PROMPT_QUEUE
    exercise07.o(RESET) refers to start.o(.ARM.__at_0x1FFFFC00) for __initial_sp
    exercise07.o(RESET) refers to exercise07.o(MyCode) for Reset_Handler
    exercise07.o(RESET) refers to start.o(Start) for Dummy_Handler


==============================================================================

Image Symbol Table

    Local Symbols

    Symbol Name                              Value     Ov Type        Size  Object(Section)

    RESET                                    0x00000000   Section      192  exercise07.o(RESET)
    Exercise07.s                             0x00000000   Number         0  exercise07.o ABSOLUTE
    Start.s                                  0x00000000   Number         0  start.o ABSOLUTE
    .ARM.__at_0xC0                           0x000000c0   Section       64  start.o(.ARM.__at_0xC0)
    Start                                    0x00000100   Section      196  start.o(Start)
    SystemInit                               0x0000010f   Thumb Code    54  start.o(Start)
    SetClock48MHz                            0x00000145   Thumb Code    82  start.o(Start)
    MyConst                                  0x000001c4   Section      164  exercise07.o(MyConst)
    PROMPT_QUEUE                             0x000001c4   Data          33  exercise07.o(MyConst)
    FAILURE_STR                              0x000001e5   Data           8  exercise07.o(MyConst)
    ENQUEUE_STR                              0x000001ed   Data          21  exercise07.o(MyConst)
    SUCCESS_STR                              0x00000202   Data           8  exercise07.o(MyConst)
    STATUS_STR                               0x0000020a   Data           7  exercise07.o(MyConst)
    IN_STR                                   0x00000211   Data           5  exercise07.o(MyConst)
    OUT_STR                                  0x00000216   Data           9  exercise07.o(MyConst)
    NUM_STR                                  0x0000021f   Data           4  exercise07.o(MyConst)
    HELP_STR                                 0x00000223   Data          57  exercise07.o(MyConst)
    SPACES2                                  0x0000025c   Data           2  exercise07.o(MyConst)
    SPACES8                                  0x0000025e   Data           8  exercise07.o(MyConst)
    .ARM.__at_0x400                          0x00000400   Section       16  start.o(.ARM.__at_0x400)
    MyCode                                   0x00000410   Section     1064  exercise07.o(MyCode)
    CRLF                                     0x00000595   Thumb Code    18  exercise07.o(MyCode)
    JustClearC                               0x000005a7   Thumb Code    20  exercise07.o(MyCode)
    JustSetC                                 0x000005bb   Thumb Code    20  exercise07.o(MyCode)
    Dequeue                                  0x000005cf   Thumb Code    50  exercise07.o(MyCode)
    Enqueue                                  0x00000601   Thumb Code    54  exercise07.o(MyCode)
    InitQueue                                0x00000637   Thumb Code    22  exercise07.o(MyCode)
    PutNumHex                                0x0000064d   Thumb Code    64  exercise07.o(MyCode)
    PutNumUB                                 0x0000068d   Thumb Code    16  exercise07.o(MyCode)
    PutNumU                                  0x0000069d   Thumb Code    46  exercise07.o(MyCode)
    DIVU                                     0x000006cb   Thumb Code    54  exercise07.o(MyCode)
    Init_UART0_Polling                       0x00000701   Thumb Code   108  exercise07.o(MyCode)
    PutChar                                  0x0000076d   Thumb Code    18  exercise07.o(MyCode)
    GetChar                                  0x0000077f   Thumb Code    18  exercise07.o(MyCode)
    PutStringSB                              0x00000791   Thumb Code    26  exercise07.o(MyCode)
    .ARM.__at_0x1FFFFC00                     0x1ffffc00   Section      256  start.o(.ARM.__at_0x1FFFFC00)
    MyData                                   0x1ffffd00   Section       24  exercise07.o(MyData)
    QRecord                                  0x1ffffd00   Data          18  exercise07.o(MyData)
    QBuffer                                  0x1ffffd12   Data           4  exercise07.o(MyData)

    Global Symbols

    Symbol Name                              Value     Ov Type        Size  Object(Section)

    BuildAttributes$$THM_ISAv3M$S$PE$A:L22$X:L11$S22$IEEE1$IW$USESV6$~STKCKD$USESV7$~SHL$OSPACE$EBA8$STANDARDLIB$EABIv2 0x00000000   Number         0  anon$$obj.o ABSOLUTE
    __Vectors                                0x00000000   Data           0  exercise07.o(RESET)
    __Vectors_End                            0x000000c0   Data           0  exercise07.o(RESET)
    __Vectors_Size                           0x000000c0   Number         0  exercise07.o ABSOLUTE
    Startup                                  0x00000101   Thumb Code    14  start.o(Start)
    Dummy_Handler                            0x00000199   Thumb Code     2  start.o(Start)
    HardFault_Handler                        0x00000199   Thumb Code     0  start.o(Start)
    Reset_Handler                            0x00000411   Thumb Code   388  exercise07.o(MyCode)
    __initial_sp                             0x1ffffd00   Data           0  start.o(.ARM.__at_0x1FFFFC00)



==============================================================================

Memory Map of the image

  Image Entry point : 0x00000411

  Load Region LR_1 (Base: 0x00000000, Size: 0x00000950, Max: 0xffffffff, ABSOLUTE)

    Execution Region ER_RO (Exec base: 0x00000000, Load base: 0x00000000, Size: 0x00000838, Max: 0xffffffff, ABSOLUTE)

    Exec Addr    Load Addr    Size         Type   Attr      Idx    E Section Name        Object

    0x00000000   0x00000000   0x000000c0   Data   RO            2    RESET               exercise07.o
    0x000000c0   0x000000c0   0x00000040   Data   RO           11    .ARM.__at_0xC0      start.o
    0x00000100   0x00000100   0x000000c4   Code   RO           10    Start               start.o
    0x000001c4   0x000001c4   0x000000a4   Data   RO            3    MyConst             exercise07.o
    0x00000268   0x00000268   0x00000198   PAD
    0x00000400   0x00000400   0x00000010   Code   RO           12    .ARM.__at_0x400     start.o
    0x00000410   0x00000410   0x00000428   Code   RO            1  * MyCode              exercise07.o


    Execution Region ER_RW (Exec base: 0x1ffffc00, Load base: 0x00000838, Size: 0x00000118, Max: 0xffffffff, ABSOLUTE)

    Exec Addr    Load Addr    Size         Type   Attr      Idx    E Section Name        Object

    0x1ffffc00   0x00000838   0x00000100   Data   RW           13    .ARM.__at_0x1FFFFC00  start.o
    0x1ffffd00   0x00000938   0x00000018   Data   RW            4    MyData              exercise07.o


    Execution Region ER_ZI (Exec base: 0x1ffffd18, Load base: 0x00000950, Size: 0x00000000, Max: 0xffffffff, ABSOLUTE)

    **** No section assigned to this execution region ****


==============================================================================

Image component sizes


      Code (inc. data)   RO Data    RW Data    ZI Data      Debug   Object Name

      1064        142        356         24          0       1448   exercise07.o
       212         60         64        256          0        840   start.o

    ----------------------------------------------------------------------
      1276        202        828        280          0       2288   Object Totals
         0          0          0          0          0          0   (incl. Generated)
         0          0        408          0          0          0   (incl. Padding)

    ----------------------------------------------------------------------
         0          0          0          0          0          0   Library Totals
         0          0          0          0          0          0   (incl. Padding)

    ----------------------------------------------------------------------

==============================================================================


      Code (inc. data)   RO Data    RW Data    ZI Data      Debug   

      1276        202        828        280          0       2184   Grand Totals
      1276        202        828        280          0       2184   ELF Image Totals
      1276        202        828        280          0          0   ROM Totals

==============================================================================

    Total RO  Size (Code + RO Data)                 2104 (   2.05kB)
    Total RW  Size (RW Data + ZI Data)               280 (   0.27kB)
    Total ROM Size (Code + RO Data + RW Data)       2384 (   2.33kB)

==============================================================================

