Component: ARM Compiler 5.06 update 6 (build 750) Tool: armlink [4d35ed]

==============================================================================

Section Cross References

    exercise02.o(RESET) refers to exercise02.o(.ARM.__at_0x1FFFE000) for __initial_sp
    exercise02.o(RESET) refers to exercise02.o(MyCode) for Reset_Handler


==============================================================================

Removing Unused input sections from the image.

    Removing exercise02.o(MyConst), (0 bytes).
    Removing exercise02.o(MyData), (0 bytes).

2 unused section(s) (total 0 bytes) removed from the image.

==============================================================================

Image Symbol Table

    Local Symbols

    Symbol Name                              Value     Ov Type        Size  Object(Section)

    RESET                                    0x00000000   Section      192  exercise02.o(RESET)
    Exercise02.s                             0x00000000   Number         0  exercise02.o ABSOLUTE
    MyCode                                   0x000000c0   Section       88  exercise02.o(MyCode)
    RegInit                                  0x000000e5   Thumb Code    46  exercise02.o(MyCode)
    .ARM.__at_0x1FFFE000                     0x1fffe000   Section      256  exercise02.o(.ARM.__at_0x1FFFE000)

    Global Symbols

    Symbol Name                              Value     Ov Type        Size  Object(Section)

    BuildAttributes$$THM_ISAv3M$S$PE$A:L22$X:L11$S22$IEEE1$IW$USESV6$~STKCKD$USESV7$~SHL$OSPACE$EBA8$STANDARDLIB$EABIv2 0x00000000   Number         0  anon$$obj.o ABSOLUTE
    __Vectors                                0x00000000   Data           0  exercise02.o(RESET)
    Reset_Handler                            0x000000c1   Thumb Code    36  exercise02.o(MyCode)
    __Vectors_End                            0x000000c0   Data           0  exercise02.o(RESET)
    __Vectors_Size                           0x000000c0   Number         0  exercise02.o ABSOLUTE
    __initial_sp                             0x1fffe100   Data           0  exercise02.o(.ARM.__at_0x1FFFE000)



==============================================================================

Memory Map of the image

  Image Entry point : 0x000000c1

  Load Region LR_1 (Base: 0x00000000, Size: 0x00000118, Max: 0xffffffff, ABSOLUTE)

    Execution Region ER_RO (Exec base: 0x00000000, Load base: 0x00000000, Size: 0x00000118, Max: 0xffffffff, ABSOLUTE)

    Exec Addr    Load Addr    Size         Type   Attr      Idx    E Section Name        Object

    0x00000000   0x00000000   0x000000c0   Data   RO            2    RESET               exercise02.o
    0x000000c0   0x000000c0   0x00000058   Code   RO            1  * MyCode              exercise02.o


    Execution Region ER_RW (Exec base: 0x1ffffc00, Load base: 0x00000118, Size: 0x00000000, Max: 0xffffffff, ABSOLUTE)

    **** No section assigned to this execution region ****


    Execution Region ER_ZI (Exec base: 0x1ffffc00, Load base: 0x00000118, Size: 0x00000000, Max: 0xffffffff, ABSOLUTE)

    **** No section assigned to this execution region ****



  Load Region LR$$.ARM.__at_0x1FFFE000 (Base: 0x1fffe000, Size: 0x00000100, Max: 0x00000100, ABSOLUTE)

    Execution Region ER$$.ARM.__at_0x1FFFE000 (Exec base: 0x1fffe000, Load base: 0x1fffe000, Size: 0x00000100, Max: 0x00000100, ABSOLUTE, UNINIT)

    Exec Addr    Load Addr    Size         Type   Attr      Idx    E Section Name        Object

    0x1fffe000   0x1fffe000   0x00000100   Data   RW            4    .ARM.__at_0x1FFFE000  exercise02.o


==============================================================================

Image component sizes


      Code (inc. data)   RO Data    RW Data    ZI Data      Debug   Object Name

        88          6        192        256          0        468   exercise02.o

    ----------------------------------------------------------------------
        88          6        192        256          0        468   Object Totals
         0          0          0          0          0          0   (incl. Generated)
         0          0          0          0          0          0   (incl. Padding)

    ----------------------------------------------------------------------
         0          0          0          0          0          0   Library Totals
         0          0          0          0          0          0   (incl. Padding)

    ----------------------------------------------------------------------

==============================================================================


      Code (inc. data)   RO Data    RW Data    ZI Data      Debug   

        88          6        192        256          0        468   Grand Totals
        88          6        192        256          0        468   ELF Image Totals
        88          6        192        256          0          0   ROM Totals

==============================================================================

    Total RO  Size (Code + RO Data)                  280 (   0.27kB)
    Total RW  Size (RW Data + ZI Data)               256 (   0.25kB)
    Total ROM Size (Code + RO Data + RW Data)        536 (   0.52kB)

==============================================================================

